// Jest Snapshot v1, https://goo.gl/fbAQLP

exports[`PopularAuthors snapshot 1`] = `
<div>
  <div
    className="container mt-5"
    data-test="container"
  >
    <div>
      <h1
        className="text-center text-3xl"
      >
        mainPage.PopularAuthors
      </h1>
    </div>
    <div
      className="row mt-5"
      data-test="row"
    />
  </div>
</div>
`;
