// Jest Snapshot v1, https://goo.gl/fbAQLP

exports[`PopularAuthors snapshot 1`] = `
<div>
  <div
    className="container mt-5"
    data-test="container"
  >
    <div>
      <h1
        className="text-center text-3xl"
      >
        mainPage.PopularAuthors
      </h1>
    </div>
    <div
      className="row mt-5"
      data-test="row"
    >
      <div
        className="col-12 col-sm-2 col-md-3 mt-4 d-flex justify-content-center align-items-center"
        data-test="col"
      >
        <button
          className="btn-light-blue btn Ripple-parent px-2 rounded-pill button"
          data-test="button"
          onMouseUp={[Function]}
          onTouchStart={[Function]}
          type="button"
        >
          Zen Cho
          <div
            className="Ripple "
            data-test="waves"
            style={
              Object {
                "height": "0px",
                "left": "0px",
                "top": "0px",
                "width": "0px",
              }
            }
          />
        </button>
      </div>
      <div
        className="col-12 col-sm-2 col-md-3 mt-4 d-flex justify-content-center align-items-center"
        data-test="col"
      >
        <button
          className="btn-light-blue btn Ripple-parent px-2 rounded-pill button"
          data-test="button"
          onMouseUp={[Function]}
          onTouchStart={[Function]}
          type="button"
        >
          John Doe
          <div
            className="Ripple "
            data-test="waves"
            style={
              Object {
                "height": "0px",
                "left": "0px",
                "top": "0px",
                "width": "0px",
              }
            }
          />
        </button>
      </div>
      <div
        className="col-12 col-sm-2 col-md-3 mt-4 d-flex justify-content-center align-items-center"
        data-test="col"
      >
        <button
          className="btn-light-blue btn Ripple-parent px-2 rounded-pill button"
          data-test="button"
          onMouseUp={[Function]}
          onTouchStart={[Function]}
          type="button"
        >
          Ahemd Doe
          <div
            className="Ripple "
            data-test="waves"
            style={
              Object {
                "height": "0px",
                "left": "0px",
                "top": "0px",
                "width": "0px",
              }
            }
          />
        </button>
      </div>
      <div
        className="col-12 col-sm-2 col-md-3 mt-4 d-flex justify-content-center align-items-center"
        data-test="col"
      >
        <button
          className="btn-light-blue btn Ripple-parent px-2 rounded-pill button"
          data-test="button"
          onMouseUp={[Function]}
          onTouchStart={[Function]}
          type="button"
        >
          Ali Doe
          <div
            className="Ripple "
            data-test="waves"
            style={
              Object {
                "height": "0px",
                "left": "0px",
                "top": "0px",
                "width": "0px",
              }
            }
          />
        </button>
      </div>
      <div
        className="col-12 col-sm-2 col-md-3 mt-4 d-flex justify-content-center align-items-center"
        data-test="col"
      >
        <button
          className="btn-light-blue btn Ripple-parent px-2 rounded-pill button"
          data-test="button"
          onMouseUp={[Function]}
          onTouchStart={[Function]}
          type="button"
        >
          Alif Doe
          <div
            className="Ripple "
            data-test="waves"
            style={
              Object {
                "height": "0px",
                "left": "0px",
                "top": "0px",
                "width": "0px",
              }
            }
          />
        </button>
      </div>
      <div
        className="col-12 col-sm-2 col-md-3 mt-4 d-flex justify-content-center align-items-center"
        data-test="col"
      >
        <button
          className="btn-light-blue btn Ripple-parent px-2 rounded-pill button"
          data-test="button"
          onMouseUp={[Function]}
          onTouchStart={[Function]}
          type="button"
        >
          john Doe
          <div
            className="Ripple "
            data-test="waves"
            style={
              Object {
                "height": "0px",
                "left": "0px",
                "top": "0px",
                "width": "0px",
              }
            }
          />
        </button>
      </div>
      <div
        className="col-12 col-sm-2 col-md-3 mt-4 d-flex justify-content-center align-items-center"
        data-test="col"
      >
        <button
          className="btn-light-blue btn Ripple-parent px-2 rounded-pill button"
          data-test="button"
          onMouseUp={[Function]}
          onTouchStart={[Function]}
          type="button"
        >
          rema bedr
          <div
            className="Ripple "
            data-test="waves"
            style={
              Object {
                "height": "0px",
                "left": "0px",
                "top": "0px",
                "width": "0px",
              }
            }
          />
        </button>
      </div>
      <div
        className="col-12 col-sm-2 col-md-3 mt-4 d-flex justify-content-center align-items-center"
        data-test="col"
      >
        <button
          className="btn-light-blue btn Ripple-parent px-2 rounded-pill button"
          data-test="button"
          onMouseUp={[Function]}
          onTouchStart={[Function]}
          type="button"
        >
          Ali Doe
          <div
            className="Ripple "
            data-test="waves"
            style={
              Object {
                "height": "0px",
                "left": "0px",
                "top": "0px",
                "width": "0px",
              }
            }
          />
        </button>
      </div>
      <div
        className="col-12 col-sm-2 col-md-3 mt-4 d-flex justify-content-center align-items-center"
        data-test="col"
      >
        <button
          className="btn-light-blue btn Ripple-parent px-2 rounded-pill button"
          data-test="button"
          onMouseUp={[Function]}
          onTouchStart={[Function]}
          type="button"
        >
          Alif Doe
          <div
            className="Ripple "
            data-test="waves"
            style={
              Object {
                "height": "0px",
                "left": "0px",
                "top": "0px",
                "width": "0px",
              }
            }
          />
        </button>
      </div>
      <div
        className="col-12 col-sm-2 col-md-3 mt-4 d-flex justify-content-center align-items-center"
        data-test="col"
      >
        <button
          className="btn-light-blue btn Ripple-parent px-2 rounded-pill button"
          data-test="button"
          onMouseUp={[Function]}
          onTouchStart={[Function]}
          type="button"
        >
          john Doe
          <div
            className="Ripple "
            data-test="waves"
            style={
              Object {
                "height": "0px",
                "left": "0px",
                "top": "0px",
                "width": "0px",
              }
            }
          />
        </button>
      </div>
      <div
        className="col-12 col-sm-2 col-md-3 mt-4 d-flex justify-content-center align-items-center"
        data-test="col"
      >
        <button
          className="btn-light-blue btn Ripple-parent px-2 rounded-pill button"
          data-test="button"
          onMouseUp={[Function]}
          onTouchStart={[Function]}
          type="button"
        >
          Ali Doe
          <div
            className="Ripple "
            data-test="waves"
            style={
              Object {
                "height": "0px",
                "left": "0px",
                "top": "0px",
                "width": "0px",
              }
            }
          />
        </button>
      </div>
      <div
        className="col-12 col-sm-2 col-md-3 mt-4 d-flex justify-content-center align-items-center"
        data-test="col"
      >
        <button
          className="btn-light-blue btn Ripple-parent px-2 rounded-pill button"
          data-test="button"
          onMouseUp={[Function]}
          onTouchStart={[Function]}
          type="button"
        >
          John Doe
          <div
            className="Ripple "
            data-test="waves"
            style={
              Object {
                "height": "0px",
                "left": "0px",
                "top": "0px",
                "width": "0px",
              }
            }
          />
        </button>
      </div>
    </div>
  </div>
</div>
`;
