// Jest Snapshot v1, https://goo.gl/fbAQLP

exports[`BookRender snapshot 1`] = `
Array [
  <div
    className="container"
    data-test="container"
  >

  <tr key={index} className="text-center">
        <td>
          <input type="checkbox" />
        </td>
        <td>{title}</td>
        <td>{copies}</td>
        <td>{price}</td>
      </tr>
   
]
`;
