// Jest Snapshot v1, https://goo.gl/fbAQLP

exports[`BookPage snapshot 1`] = `
<div
  className="container mt-5"
  data-test="container"
>
  <div
    className="row"
    data-test="row"
  >
    <div
      className="col-12 col-sm-6 order-1 order-sm-0"
      data-test="col"
    >
      <div
        className="mt-5"
      >
        <h1
          className="blue-text"
        >
           
          The Water Cure
        </h1>
        <a
          href="#/author/ZKhfB8jcxaGKaeOUaUyR"
          onClick={[Function]}
        >
          <span
            className="gray-text"
          >
            Sophie Mackintosh
          </span>
        </a>
        <br />
        <div
          className="mt-2 yellow-star"
        >
          <icon
            className="fa fa-star fa-md mr-1 text-yellow-300"
          />
          <icon
            className="fa fa-star fa-md mr-1 text-yellow-300"
          />
          <icon
            className="fas fa-star-half-alt fa-md mr-1 text-yellow-300"
          />
          <icon
            className=" fa fa-star font-light fa-md mr-1 text-yellow-300"
          />
          <icon
            className=" fa fa-star font-light fa-md mr-1 text-yellow-300"
          />
        </div>
        <p
          className="text-3xl font-medium border-b-4 inline border-blue-500"
        />
        <p
          className="text-base leading-loose text-justify break-words"
        >
          There is a house on an island, alone by the sea. Inside live three girls, Grace, Lia and Sky, with their parents Mother and King. Outside, beyond the sea and the horizon, there is a “toxin‑filled world”. To understand what toxins are, and indeed for their knowledge of everything else, the girls have always deferred to King. Their world is complete. And then, one day, he is gone.
        </p>
        <span
          className="gray-text"
        >
          bookPage.language
          :Arabic
        </span>
      </div>
      <br />
      <span
        className="gray-text"
      >
        Price: 
        <strong>
          15000
          IQD
        </strong>
      </span>
      <div
        className="mt-3"
      >
        <button
          className="btn-info btn Ripple-parent mr-3 px-3 py-0"
          data-test="button"
          onMouseUp={[Function]}
          onTouchStart={[Function]}
          type="button"
        >
          Magic
          <div
            className="Ripple "
            data-test="waves"
            style={
              Object {
                "height": "0px",
                "left": "0px",
                "top": "0px",
                "width": "0px",
              }
            }
          />
        </button>
        <button
          className="btn-info btn Ripple-parent px-3 py-0"
          data-test="button"
          onMouseUp={[Function]}
          onTouchStart={[Function]}
          type="button"
        >
          1970
          <div
            className="Ripple "
            data-test="waves"
            style={
              Object {
                "height": "0px",
                "left": "0px",
                "top": "0px",
                "width": "0px",
              }
            }
          />
        </button>
      </div>
      <div
        className="mt-4"
      >
        <button
          className="btn-primary btn Ripple-parent px-4 rounded-pill"
          data-test="button"
          onMouseUp={[Function]}
          onTouchStart={[Function]}
          type="button"
        >
          bookPage.addToCart
          <div
            className="Ripple "
            data-test="waves"
            style={
              Object {
                "height": "0px",
                "left": "0px",
                "top": "0px",
                "width": "0px",
              }
            }
          />
        </button>
      </div>
    </div>
    <div
      className="col-12 col-sm-6 order-0 order-sm-1"
      data-test="col"
    >
      <div
        className="mt-5 d-flex justify-content-center align-self-center"
      >
        <img
          alt="Book cover"
          height="498"
          src="https://lithub.com/wp-content/uploads/2019/01/81SBy9jbbHL.jpg"
          width="353"
        />
      </div>
    </div>
  </div>
</div>
`;
