// Jest Snapshot v1, https://goo.gl/fbAQLP

exports[`searchSection snapshot 1`] = `
<div
  className="container bg-black h-full p-0"
  data-test="container"
>
  <div
    className="row justify-content-around"
    data-test="row"
  >
    <div
      className="col-10 col-md-10 col-lg-10 mycolorPink columnSearchBooks p-0 h-12 z-depth-4 border-b-2 border-gray-800"
      data-test="col"
    >
      <form
        className="form-inline searchBox d-flex justify-content-around"
        data-test="form-inline"
        onMouseDown={[Function]}
        onTouchStart={[Function]}
      >
        <div
          className="md-form active-pink"
        >
          
          <input
            aria-disabled={false}
            className="form-control text-black  mb-md-3 form-control"
            data-test="input"
            disabled={false}
            onBlur={[Function]}
            onChange={[Function]}
            onFocus={[Function]}
            onInput={[Function]}
            placeholder="mainPage.searchByPart.FindYourBook"
            type="text"
            value=""
          />
          <label
            aria-labelledby=""
            className="active"
            data-error=""
            data-success=""
            id=""
            onClick={[Function]}
          >
             
          </label>
        </div>
        <i
          className="fa fa-search fa-lg text-black hoverCursor pb-3 mb-md-1"
          data-test="fa"
          onClick={[Function]}
        />
      </form>
    </div>
    <div
      className="col-md-12 text-center pb-3 text-white font-bold"
      data-test="col"
    >
      mainPage.searchByPart.SEARCH BY
    </div>
    <div
      className="col-6 col-md-6 text-center px-3 pb-2"
      data-test="col"
    >
      <div
        className="lightBlack h-16 pt-2 text-gray-300 inactiveBorder rounded "
        onClick={[Function]}
      >
        <i
          className="fa fa-user-tie fa-lg pb-2 "
          data-test="fa"
        />
        <p
          className="pb-2 textParg "
        >
           
          mainPage.searchByPart.Authors
           
        </p>
      </div>
    </div>
    <div
      className="col-6 col-md-6 text-center px-3"
      data-test="col"
    >
      <div
        className="lightBlack text-gray-300 h-16 pt-2 activeBorder rounded "
        onClick={[Function]}
      >
        <svg
          className="d-inline"
          fill="none"
          height="30"
          viewBox="0 0 30 30"
          width="30"
          xmlns="http://www.w3.org/2000/svg"
        >
          <path
            d="M15.7613 2.8125L3.23766 6.26766C3.23766 6.26766 0.9375 6.20297 0.9375 8.64609C0.9375 9.65437 1.38469 10.4058 1.38469 10.4058L10.9256 26.363C11.8378 27.8161 13.7752 26.9063 13.7752 26.9063L28.4053 19.7789L27.8578 19.2234C27.7289 18.5564 27.6539 17.3213 28.5595 16.4016C28.5797 16.3809 28.5834 16.3528 28.5942 16.327L29.0625 16.1391L15.7613 2.8125ZM4.69734 6.83719L15.4838 3.86156L27.3975 15.7978L13.7142 21.2981L4.69734 6.83719V6.83719ZM27.3806 17.8786C27.3502 18.0942 27.3347 18.3042 27.338 18.5011L17.7338 23.0597L27.3722 18.9694C27.3816 19.0439 27.39 19.1189 27.4017 19.1864L15.09 25.133L27.4988 19.6298L27.5063 19.6589L13.7752 26.2275C13.7686 26.2317 13.1419 26.565 12.5137 26.565C11.8931 26.565 11.5064 26.2463 11.3302 25.5909C10.8769 23.9072 13.4522 22.9528 13.4911 22.9388L27.7331 16.777C27.6309 16.9645 27.5602 17.1553 27.5011 17.3456L18.4603 21.6014L27.3806 17.8786"
            fill="#fee4cb"
          />
          <path
            d="M16.1499 5.85559L6.8949 8.59215L9.1524 12.1434L18.7107 8.64325L16.1499 5.85559Z"
            fill="#fee4cb"
          />
        </svg>
        <p
          className="pb-2 textParg textPink"
        >
           
          mainPage.searchByPart.Books
           
        </p>
      </div>
    </div>
  </div>
  <div
    className="row mt-2 mb-0 fliterRow overflow-auto"
    data-test="row"
  >
    <div
      className="col-md-12"
      data-test="col"
    >
      <div
        className="text-left lightBlack h-10 mb-1"
        data-value="mainPage.category.Popular"
        onClick={[Function]}
      >
        <i
          className="fa fa-circle p-3 sizeBubble lightBlackText"
          data-test="fa"
        />
        <p
          className="parg1 d-inline hoverCursor"
          data-value="mainPage.category.Popular"
          onClick={[Function]}
        >
          mainPage.category.Popular
        </p>
      </div>
      <div
        className="text-left lightBlack h-10 mb-1"
        data-value="mainPage.category.Biographies&Memoirs"
        onClick={[Function]}
      >
        <i
          className="fa fa-circle p-3 sizeBubble lightBlackText"
          data-test="fa"
        />
        <p
          className="parg1 d-inline hoverCursor"
          data-value="mainPage.category.Biographies&Memoirs"
          onClick={[Function]}
        >
          mainPage.category.Biographies&Memoirs
        </p>
      </div>
      <div
        className="text-left lightBlack h-10 mb-1"
        data-value="mainPage.category.Literature&Fiction"
        onClick={[Function]}
      >
        <i
          className="fa fa-circle p-3 sizeBubble lightBlackText"
          data-test="fa"
        />
        <p
          className="parg1 d-inline hoverCursor"
          data-value="mainPage.category.Literature&Fiction"
          onClick={[Function]}
        >
          mainPage.category.Literature&Fiction
        </p>
      </div>
      <div
        className="text-left lightBlack h-10 mb-1"
        data-value="mainPage.category.Business&Investing"
        onClick={[Function]}
      >
        <i
          className="fa fa-circle p-3 sizeBubble lightBlackText"
          data-test="fa"
        />
        <p
          className="parg1 d-inline hoverCursor"
          data-value="mainPage.category.Business&Investing"
          onClick={[Function]}
        >
          mainPage.category.Business&Investing
        </p>
      </div>
      <div
        className="text-left lightBlack h-10 mb-1"
        data-value="mainPage.category.History"
        onClick={[Function]}
      >
        <i
          className="fa fa-circle p-3 sizeBubble lightBlackText"
          data-test="fa"
        />
        <p
          className="parg1 d-inline hoverCursor"
          data-value="mainPage.category.History"
          onClick={[Function]}
        >
          mainPage.category.History
        </p>
      </div>
      <div
        className="text-left lightBlack h-10 mb-1"
        data-value="mainPage.category.ChildrenBooks"
        onClick={[Function]}
      >
        <i
          className="fa fa-circle p-3 sizeBubble lightBlackText"
          data-test="fa"
        />
        <p
          className="parg1 d-inline hoverCursor"
          data-value="mainPage.category.ChildrenBooks"
          onClick={[Function]}
        >
          mainPage.category.ChildrenBooks
        </p>
      </div>
      <div
        className="text-left lightBlack h-10 mb-1"
        data-value="mainPage.category.Romance"
        onClick={[Function]}
      >
        <i
          className="fa fa-circle p-3 sizeBubble lightBlackText"
          data-test="fa"
        />
        <p
          className="parg1 d-inline hoverCursor"
          data-value="mainPage.category.Romance"
          onClick={[Function]}
        >
          mainPage.category.Romance
        </p>
      </div>
    </div>
  </div>
</div>
`;
